// Jest Snapshot v1, https://goo.gl/fbAQLP

exports[`app-header should match snapshot 1`] = `
"<h1 style=\\"
    color: blue; background: black;
    cursor: pointer; text-align: center;
    padding: 1em; user-select: none;
    margin: -8px -8px 8px -8px;
  \\">
      This is a very cool podcast
    </h1>"
`;
